******************************************************************************
                  TI ARM Linker PC v16.9.4                     
******************************************************************************
>> Linked Sun Aug 27 13:50:17 2023

OUTPUT FILE NAME:   <periodic_timer.out>
ENTRY POINT SYMBOL: "_c_int00"  address: 00002161


MEMORY CONFIGURATION

         name            origin    length      used     unused   attr    fill
----------------------  --------  ---------  --------  --------  ----  --------
  FLASH                 00000000   00040000  00002307  0003dcf9  R  X
  SRAM                  20000000   00008000  00000218  00007de8  RW X


SEGMENT ALLOCATION MAP

run origin  load origin   length   init length attrs members
----------  ----------- ---------- ----------- ----- -------
00000000    00000000    0000230c   0000230c    r-x
  00000000    00000000    0000026c   0000026c    r-- .intvecs
  0000026c    0000026c    00002072   00002072    r-x .text
  000022de    000022de    00000005   00000005    r-- .const
  000022e8    000022e8    00000024   00000024    r-- .cinit
20000000    20000000    00000218   00000000    rw-
  20000000    20000000    00000200   00000000    rw- .stack
  20000200    20000200    00000018   00000000    rw- .data


SECTION ALLOCATION MAP

 output                                  attributes/
section   page    origin      length       input sections
--------  ----  ----------  ----------   ----------------
.intvecs   0    00000000    0000026c     
                  00000000    0000026c     tm4c123gh6pm_startup_ccs.obj (.intvecs)

.text      0    0000026c    00002072     
                  0000026c    00001350     timer.obj (.text)
                  000015bc    00000a30     DIO.obj (.text)
                  00001fec    0000009c     rtsv7M4_T_le_v4SPD16_eabi.lib : memcpy_t2.obj (.text)
                  00002088    00000070                                   : autoinit.obj (.text)
                  000020f8    00000068                                   : copy_decompress_lzss.obj (.text:decompress:lzss)
                  00002160    00000054                                   : boot.obj (.text)
                  000021b4    00000054                                   : exit.obj (.text)
                  00002208    0000004c                                   : cpy_tbl.obj (.text)
                  00002254    0000003c     main.obj (.text)
                  00002290    00000018     rtsv7M4_T_le_v4SPD16_eabi.lib : args_main.obj (.text)
                  000022a8    00000014                                   : _lock.obj (.text)
                  000022bc    0000000e                                   : copy_decompress_none.obj (.text:decompress:none)
                  000022ca    0000000c     tm4c123gh6pm_startup_ccs.obj (.text)
                  000022d6    00000004     rtsv7M4_T_le_v4SPD16_eabi.lib : pre_init.obj (.text)
                  000022da    00000002                                   : mpu_init.obj (.text)
                  000022dc    00000002                                   : startup.obj (.text)

.const     0    000022de    00000005     
                  000022de    00000005     main.obj (.const:$P$T0$1)

.cinit     0    000022e8    00000024     
                  000022e8    00000011     (.cinit..data.load) [load image, compression = lzss]
                  000022f9    00000003     --HOLE-- [fill = 0]
                  000022fc    00000008     (__TI_handler_table)
                  00002304    00000008     (__TI_cinit_table)

.init_array 
*          0    00000000    00000000     UNINITIALIZED

.stack     0    20000000    00000200     UNINITIALIZED
                  20000000    00000200     --HOLE--

.data      0    20000200    00000018     UNINITIALIZED
                  20000200    0000000c     rtsv7M4_T_le_v4SPD16_eabi.lib : exit.obj (.data:$O1$$)
                  2000020c    00000008                                   : _lock.obj (.data:$O1$$)
                  20000214    00000004                                   : stkdepth_vars.obj (.data)

MODULE SUMMARY

       Module                         code   ro data   rw data
       ------                         ----   -------   -------
    .\
       timer.obj                      4944   0         0      
       DIO.obj                        2608   0         0      
       tm4c123gh6pm_startup_ccs.obj   12     620       0      
       main.obj                       60     5         0      
    +--+------------------------------+------+---------+---------+
       Total:                         7624   625       0      
                                                              
    C:\ti\ccsv7\tools\compiler\ti-cgt-arm_16.9.4.LTS\lib\rtsv7M4_T_le_v4SPD16_eabi.lib
       memcpy_t2.obj                  156    0         0      
       autoinit.obj                   112    0         0      
       copy_decompress_lzss.obj       104    0         0      
       exit.obj                       84     0         12     
       boot.obj                       84     0         0      
       cpy_tbl.obj                    76     0         0      
       _lock.obj                      20     0         8      
       args_main.obj                  24     0         0      
       copy_decompress_none.obj       14     0         0      
       pre_init.obj                   4      0         0      
       stkdepth_vars.obj              0      0         4      
       mpu_init.obj                   2      0         0      
       startup.obj                    2      0         0      
    +--+------------------------------+------+---------+---------+
       Total:                         682    0         24     
                                                              
       Stack:                         0      0         512    
       Linker Generated:              0      33        0      
    +--+------------------------------+------+---------+---------+
       Grand Total:                   8306   658       536    


LINKER GENERATED COPY TABLES

__TI_cinit_table @ 00002304 records: 1, size/record: 8, table size: 8
	.data: load addr=000022e8, load size=00000011 bytes, run addr=20000200, run size=00000018 bytes, compression=lzss


LINKER GENERATED HANDLER TABLE

__TI_handler_table @ 000022fc records: 2, size/record: 4, table size: 8
	index: 0, handler: __TI_decompress_lzss
	index: 1, handler: __TI_decompress_none


GLOBAL SYMBOLS: SORTED ALPHABETICALLY BY Name 

address   name                           
-------   ----                           
000021b5  C$$EXIT                        
000015bd  DIO_Init                       
00001e59  DIO_ReadPin                    
00001cdd  DIO_WritePin                   
00001f27  DIO_WritePort                  
000022cb  ResetISR                       
UNDEFED   SHT$$INIT_ARRAY$$Base          
UNDEFED   SHT$$INIT_ARRAY$$Limit         
0000026d  TIMER0A_Handler                
0000029f  TIMER0B_Handler                
000002d5  TIMER1A_Handler                
00000307  TIMER1B_Handler                
0000033d  TIMER2A_Handler                
0000036f  TIMER2B_Handler                
000003a5  TIMER3A_Handler                
000003d7  TIMER3B_Handler                
0000040d  TIMER4A_Handler                
0000043f  TIMER4B_Handler                
00000475  TIMER5A_Handler                
000004a7  TIMER5B_Handler                
000007c1  Timer_Init                     
000004dd  WTIMER0A_Handler               
0000050f  WTIMER0B_Handler               
00000545  WTIMER1A_Handler               
00000577  WTIMER1B_Handler               
000005ad  WTIMER2A_Handler               
000005df  WTIMER2B_Handler               
00000619  WTIMER3A_Handler               
00000655  WTIMER3B_Handler               
00000691  WTIMER4A_Handler               
000006c9  WTIMER4B_Handler               
00000705  WTIMER5A_Handler               
0000073d  WTIMER5B_Handler               
20000200  __STACK_END                    
00000200  __STACK_SIZE                   
20000200  __STACK_TOP                    
00002304  __TI_CINIT_Base                
0000230c  __TI_CINIT_Limit               
000022fc  __TI_Handler_Table_Base        
00002304  __TI_Handler_Table_Limit       
00002089  __TI_auto_init                 
20000200  __TI_cleanup_ptr               
000020f9  __TI_decompress_lzss           
000022bd  __TI_decompress_none           
20000204  __TI_dtors_ptr                 
20000208  __TI_enable_exit_profile_output
ffffffff  __TI_pprof_out_hndl            
ffffffff  __TI_prof_data_size            
ffffffff  __TI_prof_data_start           
00000000  __TI_static_base__             
00001fed  __aeabi_memcpy                 
00001fed  __aeabi_memcpy4                
00001fed  __aeabi_memcpy8                
ffffffff  __binit__                      
ffffffff  __c_args__                     
000022db  __mpu_init                     
20000000  __stack                        
00002291  _args_main                     
00002161  _c_int00                       
00001f93  _delay_ms                      
2000020c  _lock                          
000022b7  _nop                           
000022af  _register_lock                 
000022a9  _register_unlock               
000022dd  _system_post_cinit             
000022d7  _system_pre_init               
20000210  _unlock                        
000021b9  abort                          
ffffffff  binit                          
00002209  copy_in                        
000021c1  exit                           
00000000  g_pfnVectors                   
00002255  main                           
20000214  main_func_sp                   
00001fed  memcpy                         


GLOBAL SYMBOLS: SORTED BY Symbol Address 

address   name                           
-------   ----                           
00000000  __TI_static_base__             
00000000  g_pfnVectors                   
00000200  __STACK_SIZE                   
0000026d  TIMER0A_Handler                
0000029f  TIMER0B_Handler                
000002d5  TIMER1A_Handler                
00000307  TIMER1B_Handler                
0000033d  TIMER2A_Handler                
0000036f  TIMER2B_Handler                
000003a5  TIMER3A_Handler                
000003d7  TIMER3B_Handler                
0000040d  TIMER4A_Handler                
0000043f  TIMER4B_Handler                
00000475  TIMER5A_Handler                
000004a7  TIMER5B_Handler                
000004dd  WTIMER0A_Handler               
0000050f  WTIMER0B_Handler               
00000545  WTIMER1A_Handler               
00000577  WTIMER1B_Handler               
000005ad  WTIMER2A_Handler               
000005df  WTIMER2B_Handler               
00000619  WTIMER3A_Handler               
00000655  WTIMER3B_Handler               
00000691  WTIMER4A_Handler               
000006c9  WTIMER4B_Handler               
00000705  WTIMER5A_Handler               
0000073d  WTIMER5B_Handler               
000007c1  Timer_Init                     
000015bd  DIO_Init                       
00001cdd  DIO_WritePin                   
00001e59  DIO_ReadPin                    
00001f27  DIO_WritePort                  
00001f93  _delay_ms                      
00001fed  __aeabi_memcpy                 
00001fed  __aeabi_memcpy4                
00001fed  __aeabi_memcpy8                
00001fed  memcpy                         
00002089  __TI_auto_init                 
000020f9  __TI_decompress_lzss           
00002161  _c_int00                       
000021b5  C$$EXIT                        
000021b9  abort                          
000021c1  exit                           
00002209  copy_in                        
00002255  main                           
00002291  _args_main                     
000022a9  _register_unlock               
000022af  _register_lock                 
000022b7  _nop                           
000022bd  __TI_decompress_none           
000022cb  ResetISR                       
000022d7  _system_pre_init               
000022db  __mpu_init                     
000022dd  _system_post_cinit             
000022fc  __TI_Handler_Table_Base        
00002304  __TI_CINIT_Base                
00002304  __TI_Handler_Table_Limit       
0000230c  __TI_CINIT_Limit               
20000000  __stack                        
20000200  __STACK_END                    
20000200  __STACK_TOP                    
20000200  __TI_cleanup_ptr               
20000204  __TI_dtors_ptr                 
20000208  __TI_enable_exit_profile_output
2000020c  _lock                          
20000210  _unlock                        
20000214  main_func_sp                   
ffffffff  __TI_pprof_out_hndl            
ffffffff  __TI_prof_data_size            
ffffffff  __TI_prof_data_start           
ffffffff  __binit__                      
ffffffff  __c_args__                     
ffffffff  binit                          
UNDEFED   SHT$$INIT_ARRAY$$Base          
UNDEFED   SHT$$INIT_ARRAY$$Limit         

[75 symbols]
